// Jest Snapshot v1, https://goo.gl/fbAQLP

exports[`SettingsComponent renders correctly 1`] = `
<View
  style={
    {
      "height": "100%",
    }
  }
>
  <RCTScrollView>
    <View>
      <View
        accessibilityState={
          {
            "busy": undefined,
            "checked": undefined,
            "disabled": undefined,
            "expanded": undefined,
            "selected": undefined,
          }
        }
        accessibilityValue={
          {
            "max": undefined,
            "min": undefined,
            "now": undefined,
            "text": undefined,
          }
        }
        accessible={true}
        collapsable={false}
        focusable={false}
        onClick={[Function]}
        onResponderGrant={[Function]}
        onResponderMove={[Function]}
        onResponderRelease={[Function]}
        onResponderTerminate={[Function]}
        onResponderTerminationRequest={[Function]}
        onStartShouldSetResponder={[Function]}
        style={
          {
            "opacity": 1,
          }
        }
        testID="option"
      >
        <View
          style={
            {
              "paddingBottom": 20,
              "paddingHorizontal": 20,
              "paddingTop": 20,
            }
          }
        >
          <Text
            style={
              {
                "fontSize": 17,
              }
            }
            testID="option-title"
          >
            Option 1
          </Text>
          <Text
            style={
              {
                "fontSize": 14,
                "opacity": 0.5,
                "paddingTop": 5,
              }
            }
            testID="option-subtitle"
          >
            SubTitle 1
          </Text>
        </View>
        <View
          style={
            {
              "backgroundColor": "grey",
              "height": 0.5,
            }
          }
        />
      </View>
      <View
        accessibilityState={
          {
            "busy": undefined,
            "checked": undefined,
            "disabled": undefined,
            "expanded": undefined,
            "selected": undefined,
          }
        }
        accessibilityValue={
          {
            "max": undefined,
            "min": undefined,
            "now": undefined,
            "text": undefined,
          }
        }
        accessible={true}
        collapsable={false}
        focusable={false}
        onClick={[Function]}
        onResponderGrant={[Function]}
        onResponderMove={[Function]}
        onResponderRelease={[Function]}
        onResponderTerminate={[Function]}
        onResponderTerminationRequest={[Function]}
        onStartShouldSetResponder={[Function]}
        style={
          {
            "opacity": 1,
          }
        }
        testID="option"
      >
        <View
          style={
            {
              "paddingBottom": 20,
              "paddingHorizontal": 20,
              "paddingTop": 20,
            }
          }
        >
          <Text
            style={
              {
                "fontSize": 17,
              }
            }
            testID="option-title"
          >
            Option 2
          </Text>
          <Text
            style={
              {
                "fontSize": 14,
                "opacity": 0.5,
                "paddingTop": 5,
              }
            }
            testID="option-subtitle"
          >
            SubTitle 2
          </Text>
        </View>
        <View
          style={
            {
              "backgroundColor": "grey",
              "height": 0.5,
            }
          }
        />
      </View>
      <View
        style={
          {
            "height": "100%",
          }
        }
      >
        <View
          collapsable={false}
          style={
            {
              "alignSelf": undefined,
              "backgroundColor": "#e32f45",
              "borderRadius": 20,
              "bottom": undefined,
              "end": undefined,
              "flex": undefined,
              "height": undefined,
              "left": undefined,
              "marginHorizontal": 20,
              "marginVertical": 40,
              "opacity": undefined,
              "position": undefined,
              "right": undefined,
              "shadowColor": "#000",
              "shadowOffset": {
                "height": 0,
                "width": 0,
              },
              "shadowOpacity": 0,
              "shadowRadius": 0,
              "start": undefined,
              "top": undefined,
              "transform": undefined,
              "width": undefined,
            }
          }
          testID="logout-button-container-outer-layer"
        >
          <View
            collapsable={false}
            outlined={true}
            style={
              {
                "backgroundColor": "#e32f45",
                "borderColor": "transparent",
                "borderRadius": 20,
                "borderStyle": "solid",
                "borderWidth": 0,
                "flex": undefined,
                "minWidth": 64,
                "shadowColor": "#000",
                "shadowOffset": {
                  "height": 0,
                  "width": 0,
                },
                "shadowOpacity": 0,
                "shadowRadius": 0,
              }
            }
            testID="logout-button-container"
          >
            <View
              accessibilityRole="button"
              accessibilityState={
                {
                  "busy": undefined,
                  "checked": undefined,
                  "disabled": true,
                  "expanded": undefined,
                  "selected": undefined,
                }
              }
              accessibilityValue={
                {
                  "max": undefined,
                  "min": undefined,
                  "now": undefined,
                  "text": undefined,
                }
              }
              accessible={true}
              collapsable={false}
              focusable={true}
              onBlur={[Function]}
              onClick={[Function]}
              onFocus={[Function]}
              onResponderGrant={[Function]}
              onResponderMove={[Function]}
              onResponderRelease={[Function]}
              onResponderTerminate={[Function]}
              onResponderTerminationRequest={[Function]}
              onStartShouldSetResponder={[Function]}
              style={
                [
                  {
                    "overflow": "hidden",
                  },
                  false,
                  {
                    "borderRadius": 20,
                  },
                ]
              }
              testID="logout-button"
            >
              <View
                style={
                  [
                    {
                      "alignItems": "center",
                      "flexDirection": "row",
                      "justifyContent": "center",
                    },
                    undefined,
                  ]
                }
              >
                <View
                  style={
                    [
                      {
                        "marginLeft": 12,
                        "marginRight": -4,
                      },
                      {
                        "marginLeft": 16,
                        "marginRight": -16,
                      },
                      false,
                    ]
                  }
                  testID="logout-button-icon-container"
                >
                  <Text />
                </View>
                <Text
                  numberOfLines={1}
                  selectable={false}
                  style={
                    [
                      {
                        "fontFamily": "System",
                        "fontSize": 14,
                        "fontWeight": "500",
                        "letterSpacing": 0.1,
                        "lineHeight": 20,
                      },
                      {
                        "textAlign": "left",
                      },
                      {
                        "color": "rgba(28, 27, 31, 1)",
                        "writingDirection": "ltr",
                      },
                      [
                        {
                          "marginHorizontal": 16,
                          "marginVertical": 9,
                          "textAlign": "center",
                        },
                        false,
                        {
                          "marginHorizontal": 24,
                          "marginVertical": 10,
                        },
                        undefined,
                        false,
                        {
                          "color": "rgba(255, 255, 255, 1)",
                          "fontFamily": "System",
                          "fontSize": 14,
                          "fontWeight": "500",
                          "letterSpacing": 0.1,
                          "lineHeight": 20,
                        },
                        undefined,
                      ],
                    ]
                  }
                  testID="logout-button-text"
                >
                  Logout
                </Text>
              </View>
            </View>
          </View>
        </View>
      </View>
    </View>
  </RCTScrollView>
</View>
`;
